      150        51      2800                                                                       
      150        51       610                                                                       
      150        51     646.8                                                                       
      150        51      -176                                                                       
      150        51      1300                                                                       
      150        51       140                                                                       
      150        51        40                                                                       
      150        51       200                                                                       
      300        84       -20                                                                       
      300        84        80                                                                       
      300        84        50                                                                       
      600        10      -165                                                                       
      600        10    -191.6                                                                       
      600        10      -142                                                                       
       90        42       250                                                                       
       90        42       -60                                                                       
       90        42       -84                                                                       
       90        42      -166                                                                       
       90        42      -176                                                                       
      280        66       240                                                                       
      280        66      4384                                                                       
      280        66      1200                                                                       
      280        66       264                                                                       

      280        66      1000                                                                       
      280        66       700                                                                       
      280        66      -166                                                                       
      280        66    -197.6                                                                       
      700        10     16369                                                                       
      700        10    2100.5                                                                       
      700        10      3106                                                                       
      700        10      5400                                                                       
       20        20       150                                                                       
       20        20       285                                                                       
       20        20      92.5                                                                       
       20        20      -150                                                                       
       20        20    1503.4                                                                       
       20        20      2200                                                                       
      220        51      1550                                                                       
      220        51      4300                                                                       
      220        51      1200                                                                       
      220        51      2600                                                                       
      220        51     28800                                                                       
      220        51      2200                                                                       
      220        51      2300                                                                       
      220        51       140                                                                       
      220        51       280                                                                       

      220        51      1000                                                                       
      310        66       360                                                                       
      310        66      4600                                                                       
      310        66       240                                                                       
      310        66       400                                                                       
      320        66                                                                                 
      340        84                                                                                 
SQL> spool off
