      150      3000 JAN                                                                             
      150       810 FEB                                                                             
      150     846.8 MAR                                                                             
      150        24 APR                                                                             
      150      1500 MAY                                                                             
      150       340 JUN                                                                             
      150       240 JUL                                                                             
      150       400 AUG                                                                             
      300       180 JAN                                                                             
      300       280 FEB                                                                             
      300       250 MAR                                                                             
      600        35                                                                                 
      600       8.4                                                                                 
      600        58                                                                                 
       90       450 JAN                                                                             
       90       140 FEB                                                                             
       90       116 MAR                                                                             
       90        34 APR                                                                             
       90        24 MAY                                                                             
      280       440 MAR                                                                             
      280      4584 MAY                                                                             
      280      1400 JUN                                                                             
      280       464 JUL                                                                             

      280      1200 AUG                                                                             
      280       900 SEP                                                                             
      280        34 OCT                                                                             
      280       2.4 NOV                                                                             
      700     16569                                                                                 
      700    2300.5                                                                                 
      700      3306                                                                                 
      700      5600                                                                                 
       20       350 JAN                                                                             
       20       485 FEB                                                                             
       20     292.5 APR                                                                             
       20        50 MAY                                                                             
       20    1703.4 JUN                                                                             
       20      2400 AUG                                                                             
      220      1750 JAN                                                                             
      220      4500 MAR                                                                             
      220      1400 APR                                                                             
      220      2800 MAY                                                                             
      220     29000 JUN                                                                             
      220      2400 JUL                                                                             
      220      2500 AUG                                                                             
      220       340 SEP                                                                             
      220       480 OCT                                                                             

      220      1200 NOV                                                                             
      310       560 MAR                                                                             
      310      4800 APR                                                                             
      310       440 MAY                                                                             
      310       600 JUN                                                                             
      320                                                                                           
      340                                                                                           
SQL> spool off
